--------------------------------------------------------------------------------------
Timing Analyzer Summary
--------------------------------------------------------------------------------------

Type           : Worst-case tsu
Slack          : N/A
Required Time  : None
Actual Time    : 6.200 ns
From           : clksel1
To             : clocker:clk|inst6
From Clock     : --
To Clock       : clk20in
Failed Paths   : 0

Type           : Worst-case tco
Slack          : N/A
Required Time  : None
Actual Time    : 33.100 ns
From           : clocker:clk|inst37
To             : clkout
From Clock     : clk24in
To Clock       : --
Failed Paths   : 0

Type           : Worst-case tpd
Slack          : N/A
Required Time  : None
Actual Time    : 16.900 ns
From           : rd_n
To             : zd[2]
From Clock     : --
To Clock       : --
Failed Paths   : 0

Type           : Worst-case th
Slack          : N/A
Required Time  : None
Actual Time    : 17.300 ns
From           : clksel0
To             : clocker:clk|inst36
From Clock     : --
To Clock       : clk24in
Failed Paths   : 0

Type           : Clock Setup: 'clk20in'
Slack          : 29.066 ns
Required Time  : 24.00 MHz ( period = 41.666 ns )
Actual Time    : 79.37 MHz ( period = 12.600 ns )
From           : clocker:clk|inst1
To             : clocker:clk|inst6
From Clock     : clk24in
To Clock       : clk20in
Failed Paths   : 0

Type           : Clock Setup: 'clk24in'
Slack          : 31.666 ns
Required Time  : 24.00 MHz ( period = 41.666 ns )
Actual Time    : 100.00 MHz ( period = 10.000 ns )
From           : clocker:clk|inst
To             : clocker:clk|inst1
From Clock     : clk24in
To Clock       : clk24in
Failed Paths   : 0

Type           : Clock Setup: 'clkin'
Slack          : 31.666 ns
Required Time  : 24.00 MHz ( period = 41.666 ns )
Actual Time    : 100.00 MHz ( period = 10.000 ns )
From           : lpm_counter:rstcount_rtl_0|dffs[3]
To             : lpm_counter:rstcount_rtl_0|dffs[3]
From Clock     : clkin
To Clock       : clkin
Failed Paths   : 0

Type           : Clock Hold: 'clk24in'
Slack          : 3.200 ns
Required Time  : 24.00 MHz ( period = 41.666 ns )
Actual Time    : N/A
From           : clocker:clk|inst7
To             : clocker:clk|inst
From Clock     : clk20in
To Clock       : clk24in
Failed Paths   : 0

Type           : Clock Hold: 'clk20in'
Slack          : 5.800 ns
Required Time  : 24.00 MHz ( period = 41.666 ns )
Actual Time    : N/A
From           : clocker:clk|inst6
To             : clocker:clk|inst7
From Clock     : clk20in
To Clock       : clk20in
Failed Paths   : 0

Type           : Clock Hold: 'clkin'
Slack          : 5.800 ns
Required Time  : 24.00 MHz ( period = 41.666 ns )
Actual Time    : N/A
From           : lpm_counter:rstcount_rtl_0|dffs[3]
To             : lpm_counter:rstcount_rtl_0|dffs[3]
From Clock     : clkin
To Clock       : clkin
Failed Paths   : 0

Type           : Total number of failed paths
Slack          : 
Required Time  : 
Actual Time    : 
From           : 
To             : 
From Clock     : 
To Clock       : 
Failed Paths   : 0

--------------------------------------------------------------------------------------

